[bellevision.com.br/index.html]
[backblue.gif]
[fade.gif]
[index.html]
[bellevision.com.br/comments/feed/index.html]
[bellevision.com.br/feed/index.html]
[bellevision.com.br/page/2/index.html]
[bellevision.com.br/wp-content/uploads/2020/12/favicon.png]
[bellevision.com.br/wp-json/index.html]
[connect.facebook.net/pt_BR/all.js]
[bellevision.com.br/wp-content/uploads/2020/12/logo.png]
[bellevision.com.br/wp-content/uploads/2020/12/bg-banner-min.jpg]
[bellevision.com.br/wp-content/uploads/2020/12/01a0c69bb3c80b5262ef6e6fc1c9c118d331b3d6e7.jpg]
[bellevision.com.br/servicos/envidracamento-de-sacadas/index.html]
[bellevision.com.br/wp-content/uploads/2020/12/01a2d7c58006c09d036dca7de48588ef63af89134d.jpg]
[bellevision.com.br/quem-somos/index.html]
[bellevision.com.br/servicos/divisao-de-ambientes/index.html]
[bellevision.com.br/wp-content/uploads/2020/12/01a005d0dd5d2e136dbb542e306585b171a9d0c19f.jpg]
[bellevision.com.br/wp-content/uploads/2020/12/01a5a5be73624ccf1ed2871be3a34351ef6031bae0.jpg]
[bellevision.com.br/wp-content/uploads/2020/12/01a4fd53b9dffecbdc1fc3a1436841d6a503a89410.jpg]
[bellevision.com.br/servicos/fechamento-de-sacadas/index.html]
[bellevision.com.br/wp-content/uploads/2020/12/01a6c88e88acd2a6c62d570987d461dfaf99deff14.jpg]
[bellevision.com.br/portfolio/index.html]
[www.google.com/recaptcha/api97a4.js]
[phonetrack-static.s3.sa-east-1.amazonaws.com/10ffbba2ec9025b945acc154f3403aec.js]
[bellevision.com.br/index.html]
[www.googletagmanager.com/gtm5445.html]
[bellevision.com.br/wp-content/cache/autoptimize/css/autoptimize_5dff83cc26edbde1ae7b20bb6d8e2a95.css]
[bellevision.com.br/page/2/index.html]
[bellevision.com.br/xmlrpc0db0.html]
[bellevision.com.br/xmlrpc.html]
[connect.facebook.net/pt_BR/all.js]
[bellevision.com.br/quem-somos/index.html]
[bellevision.com.br/servicos/envidracamento-de-sacadas/index.html]
[bellevision.com.br/servicos/divisao-de-ambientes/index.html]
[bellevision.com.br/servicos/fechamento-de-sacadas/index.html]
[bellevision.com.br/wp-content/uploads/2020/12/013c9e0e0862f1c645c42e3fe6272f38c916c18931.jpg]
[bellevision.com.br/wp-content/uploads/2020/12/013ee4e4dbbdcf4a99b30013970603a4d2ddb86568.jpg]
[bellevision.com.br/wp-content/uploads/2020/12/014b19d8134dfd844d03dfe7eabccfeb3902a24fed.jpg]
[bellevision.com.br/wp-content/uploads/2020/12/014b8981e3c48d931e079ade761eac604e921f3126.jpg]
[bellevision.com.br/wp-content/uploads/2020/12/014cab863be4e83d720e49d87bda267b5f01c24fe7.jpg]
[bellevision.com.br/wp-content/uploads/2020/12/014dcd89ec30a5f5abb796d942316c6a24d6fc49cf.jpg]
[bellevision.com.br/wp-content/uploads/2020/12/015bae435f9f562fa841b2cb4de2d18cdb7d5fdbe8.jpg]
[bellevision.com.br/wp-content/uploads/2020/12/015daf1171a131e4cafd310670e29097907456dee7.jpg]
[bellevision.com.br/wp-content/uploads/2020/12/015f2561bcb530fd8e1542d1ca41aaa731f3ad6523.jpg]
[bellevision.com.br/wp-content/uploads/2020/12/016b2bd8f366eb78dee661a635855af81e705b4b7f.jpg]
[bellevision.com.br/wp-content/uploads/2020/12/016b71dcdab5f9c9bc830b5835bff81e9d4f6db0aa.jpg]
[bellevision.com.br/wp-content/uploads/2020/12/016b97db636501414a9bec301e1f2c231c89d133e2.jpg]
[bellevision.com.br/wp-content/uploads/2020/12/016b21147adaaa6fedfd694c270e91c70e258f5feb.jpg]
[bellevision.com.br/wp-content/uploads/2020/12/017e7f9a93a73eea9e437d1c05f14d88580825d46f.jpg]
[bellevision.com.br/wp-content/uploads/2020/12/017e7f9a93a73eea9e437d1c05f14d88580825d46f-Copia.jpg]
[bellevision.com.br/wp-content/uploads/2020/12/017ee2b35d5b11d637bbb9db409b824d4b082c1d6c-Copia.jpg]
[bellevision.com.br/wp-content/uploads/2020/12/018a0c2837beb185e7cca9e2ffbe9f78e4f3f29ea4-Copia.jpg]
[bellevision.com.br/wp-content/uploads/2020/12/018e425424a0294baf4a460d2b9bc4f00cf3b0eda7.jpg]
[bellevision.com.br/wp-content/uploads/2020/12/018f2788c68d88dfbf86c71d870d53dd21b466e335.jpg]
[bellevision.com.br/wp-content/uploads/2020/12/0103ea302be4e5dec6377dfdb5a8b1ade9251f1f33.jpg]
[bellevision.com.br/wp-content/uploads/2020/12/0104fc27c148de020c593d284fc3ad1853ba9aa674.jpg]
[bellevision.com.br/wp-content/uploads/2020/12/0119f2e911061fc47fd8bccf171c31b70df233f470.jpg]
[bellevision.com.br/wp-content/uploads/2020/12/0124c8e7d17b744c34062047249dea8bc926a7064c.jpg]
[bellevision.com.br/wp-content/uploads/2020/12/0127a51056084eb40d8964c3d0db147bd5c5e942e2.jpg]
[bellevision.com.br/wp-content/uploads/2020/12/0138b5b8f59e99d8bf999dcb2698092cdb3026aaf3.jpg]
[bellevision.com.br/wp-content/uploads/2020/12/0139aec2a51cf312f1b5d505354c97355c12d64619.jpg]
[bellevision.com.br/wp-content/uploads/2020/12/0159bf657756dbe3829d36ff12ac607b5c8f09eb53.jpg]
[bellevision.com.br/wp-content/uploads/2020/12/0166e5aadb2ac4152378705f3e64bbdd94384763b4.jpg]
[bellevision.com.br/wp-content/uploads/2020/12/0189ca51c8104412f34cf96b0aa0c321d21e562762.jpg]
[bellevision.com.br/wp-content/uploads/2020/12/0197e71cafc162563df29d428daf9b382558ba8446.jpg]
[bellevision.com.br/wp-content/uploads/2020/12/0198d1c01bb8299148eb0444166b9d814d7f91c86b.jpg]
[bellevision.com.br/wp-content/uploads/2020/12/01046aa5b11110d04cc6bc0910de41366ccb54b2f1.jpg]
[bellevision.com.br/wp-content/uploads/2020/12/01088c4c73d04b4e11c2980f7111981aaa84024c40.jpg]
[bellevision.com.br/wp-content/uploads/2020/12/01202ef1a172f7e6367d0c19d6262742503e79ed75.jpg]
[bellevision.com.br/wp-content/uploads/2020/12/01332e2b6a286cf6b95eca7840dfe3aab093d2edc0.jpg]
[bellevision.com.br/wp-content/uploads/2020/12/01450dce87e4dcd8cb1eeb8106dca7a2c5d48873c9.jpg]
[bellevision.com.br/wp-content/uploads/2020/12/01452cf98d5081fcd2ba20c1cb6d34b6bc5ce32040.jpg]
[bellevision.com.br/wp-content/uploads/2020/12/01539f56990fa02c2512d6a3f7a79f245d1aa011b5.jpg]
[bellevision.com.br/wp-content/uploads/2020/12/01603c62387244971ff96f91e5a0708a106630422b.jpg]
[bellevision.com.br/wp-content/uploads/2020/12/01703a2921bf34be8e4d97c779bd3f3d4eb33defe6.jpg]
[bellevision.com.br/wp-content/uploads/2020/12/01785e6db872c3693463f72e5d67895a3cb76b5cbe.jpg]
[bellevision.com.br/wp-content/uploads/2020/12/01980b8bb43c1c101034964441966ad39270f3b2d6.jpg]
[bellevision.com.br/wp-content/uploads/2020/12/010249bd92a0730494c78d7855602a315ad826a3c6.jpg]
[bellevision.com.br/wp-content/uploads/2020/12/010545b000aa58ad28fbdde34fd0a65f4ba9dcc796.jpg]
[bellevision.com.br/wp-content/uploads/2020/12/012199d461ca786131d755f7274668062d5dfc8002.jpg]
[bellevision.com.br/wp-content/uploads/2020/12/013765daaa77bec7c971b6a8f36cdd8f405c7238ac.jpg]
[bellevision.com.br/wp-content/uploads/2020/12/016772f5e702749c4ca58f6b05d34df7d1f5333a97.jpg]
[bellevision.com.br/wp-content/uploads/2020/12/016788d2d09c3cbc14ae2fe190ef45f1d5cceddc25.jpg]
[bellevision.com.br/wp-content/uploads/2020/12/019729cbfa966990a9098b9498b3f3727d98ababa7.jpg]
[bellevision.com.br/wp-content/uploads/2020/12/0131764d2d901b41259dacf5389392bc83f82ff353.jpg]
[bellevision.com.br/wp-content/uploads/2020/12/0133277d46991f81bb04705842ba838cea225e0042.jpg]
[bellevision.com.br/wp-content/uploads/2020/12/0136554dffe7898779e3c0e4136f152b61b76d3238.jpg]
[bellevision.com.br/wp-content/uploads/2020/12/0149406de05a514238eef1aa277be74b894568a42c.jpg]
[bellevision.com.br/wp-content/uploads/2020/12/0156698c8e5e4c81fd9f8de64f9a22f551a7fa8fb3.jpg]
[bellevision.com.br/wp-content/uploads/2020/12/0171071e2b91162cd4161c912f0f1a179cac6caeb0_00001.jpg]
[bellevision.com.br/wp-content/uploads/2020/12/0171654a86302123f2429efbb1173d22e41550c75b.jpg]
[bellevision.com.br/wp-content/uploads/2020/12/0192188b281f5d50e931bc24319c66bf8a4f8190a4.jpg]
[bellevision.com.br/wp-content/uploads/2020/12/011544124a2196a9d774a83f415960fed0c2386f0f.jpg]
[bellevision.com.br/wp-content/uploads/2020/12/014849424dec7dd8cbd9fd5c3a339e1f0ce877e86b.jpg]
[bellevision.com.br/wp-content/uploads/2020/12/0167584679ca9bbc2d5b7080c68c8dd62e3cab31a4.jpg]
[bellevision.com.br/wp-content/uploads/2020/12/0178427835afdac400c0d17479075e9fe0f6598647.jpg]
[bellevision.com.br/wp-content/uploads/2020/12/01067615847be98f213c0132b0a62074389209bb8d.jpg]
[bellevision.com.br/wp-content/uploads/2020/12/0131285024816de702f1ad402959528bd71e47c295.jpg]
[bellevision.com.br/wp-content/uploads/2020/12/01799902946977cc5862e9ea7be351ae278fe19310.jpg]
[bellevision.com.br/wp-content/uploads/2020/12/01b9d5fd7b2dc8a4febb0446e19149da64d08c6c9f.jpg]
[bellevision.com.br/wp-content/uploads/2020/12/01b41eae90f276ee973e3b97528fd7d965de7b725e.jpg]
[bellevision.com.br/wp-content/uploads/2020/12/01b1608dd544e55710f666846198b0ed506dbb93f5.jpg]
[bellevision.com.br/wp-content/uploads/2020/12/01b3848fc56825a5d8e1dca83a4683878dbb214bd1.jpg]
[bellevision.com.br/wp-content/uploads/2020/12/01b019942c3aab72fa5298c612a3d0fba822a75bd3.jpg]
[bellevision.com.br/wp-content/uploads/2020/12/01bf89cc1a24b892364063ed8bc862c19870360ee0.jpg]
[bellevision.com.br/wp-content/uploads/2020/12/01bf339a8849cf0bcf3d6e799060b22261f8f5c371.jpg]
[bellevision.com.br/wp-content/uploads/2020/12/01bfa9a280d9dc4a53af1958339bb7b61c47e5a748.jpg]
[bellevision.com.br/wp-content/uploads/2020/12/01bfbcf46455f06595a54745f37376c473b23c2e2e.jpg]
[bellevision.com.br/wp-content/uploads/2020/12/01c2b7b4d26b8b7c663bcf718e23d554a7d84fe404.jpg]
[bellevision.com.br/wp-content/uploads/2020/12/01c8aebce471a5a5c1ae6acf8d4ccbeac0597f28d2.jpg]
[bellevision.com.br/wp-content/uploads/2020/12/01c65cce27a316b529b5c8f6d9c306776648265f0a.jpg]
[bellevision.com.br/wp-content/uploads/2020/12/01c4020b7b8c55304c4a0e62eb6609391062aa8e5e.jpg]
[bellevision.com.br/wp-content/uploads/2020/12/01c24252f2a2432071d6b145e88efdbbf1453b4a4a.jpg]
[bellevision.com.br/wp-content/uploads/2020/12/01cb4cff1b5935a348b071e5ce4a7e7b0a7d695ec0.jpg]
[bellevision.com.br/wp-content/uploads/2020/12/01cf24d73340c50cebaceeda630553b363dbecdbfa.jpg]
[bellevision.com.br/wp-content/uploads/2020/12/01d3af3158b3568ffe8ea3878ba5461c54c1f1b089.jpg]
[bellevision.com.br/wp-content/uploads/2020/12/01d7a06bb810bc06409e378f2fc468149aed9227e0.jpg]
[bellevision.com.br/wp-content/uploads/2020/12/01d4677e40486b222c75862edd797dfdda30237c84.jpg]
[bellevision.com.br/wp-content/uploads/2020/12/01d7486a8154fffb56569a7d63c322988fe2f4c74e.jpg]
[bellevision.com.br/wp-content/uploads/2020/12/01d6909368a107671564a11aaa1bc120cefaa17d8b.jpg]
[bellevision.com.br/wp-content/uploads/2020/12/01da1f3062dc6c7596eb11df34e5c61e21addf5a5c.jpg]
[bellevision.com.br/wp-content/uploads/2020/12/01da004df71ae326ee04b30638d800d01abdc78382.jpg]
[bellevision.com.br/wp-content/uploads/2020/12/01ddc3e3fccd7b42dd8bc3b988356bcecbfdc62529.jpg]
[bellevision.com.br/wp-content/uploads/2020/12/01e8d18d50caf11cab9350269452bc73a6e50222d7.jpg]
[bellevision.com.br/wp-content/uploads/2020/12/01e8f65c03b94b34bc314a491b33cc5fb912d6179a.jpg]
[bellevision.com.br/wp-content/uploads/2020/12/01e44b58ac16f79d0b37174d58e0476374b6d1a47c.jpg]
[bellevision.com.br/wp-content/uploads/2020/12/01e89f928e189e81177f4c8703c8cdb6d7d1926b31.jpg]
[bellevision.com.br/wp-content/uploads/2020/12/01e404ea7eeb9c35a6aadd103362bebcc55a3b0d85.jpg]
[bellevision.com.br/wp-content/uploads/2020/12/01e784d3b2ad4bfb2cc9fc08ca7c1c219e6b94a9e9.jpg]
[bellevision.com.br/wp-content/uploads/2020/12/01e25895ae65d762394dba368df6b405faa2c19d67.jpg]
[bellevision.com.br/wp-content/uploads/2020/12/01eb0cba409de65831e496078e831a9dc8822eb1b7.jpg]
[bellevision.com.br/wp-content/uploads/2020/12/01ef4dc57ef0a970eaead4cd00b2ae1af783f7aa82.jpg]
[bellevision.com.br/wp-content/uploads/2020/12/01f8e5883ca8495c7ad126f9d5efa6002e57d40ee0.jpg]
[bellevision.com.br/wp-content/uploads/2020/12/01f69dfa1537e65a19e5780e86423d456ce12866f1.jpg]
[bellevision.com.br/wp-content/uploads/2020/12/01f12774bd7655356036574525b0dbd49706459bf4.jpg]
[bellevision.com.br/wp-content/uploads/2020/12/01f53411582c12625cd182ba36110bb882d73ce23d.jpg]
[bellevision.com.br/wp-content/uploads/2020/12/01fab391a996ad753488ad11a9fda65e03eb75dbac.jpg]
[bellevision.com.br/wp-content/uploads/2020/12/01fb9ec9f31314bfe4cee323b6a4cb16c40b3436d4.jpg]
[bellevision.com.br/wp-content/uploads/2020/12/01fe5737daab26f7740c26be256b480f853d60b5e0.jpg]
[bellevision.com.br/wp-content/uploads/2020/12/010a9554336e4d53a8c9133df8b1a03c6db8ceaf64.jpg]
[bellevision.com.br/wp-content/uploads/2020/12/010bf9bc5161a9db673445259c6eae8f18cb2424c8.jpg]
[bellevision.com.br/wp-content/uploads/2020/12/014d4f41ec5ecd388ddc972f5ba8f18f8017382874.jpg]
[bellevision.com.br/wp-content/uploads/2020/12/015a44161efb752a5397c453ffe44d83611fa4908c.jpg]
[bellevision.com.br/wp-content/uploads/2020/12/015d18e2fc150306274811379a2c60c29dcd437f91.jpg]
[bellevision.com.br/wp-content/uploads/2020/12/016eb64d72f5543efd787faba6e6e5097a96d90c00.jpg]
[bellevision.com.br/wp-content/uploads/2020/12/017d38dc2beb6cdb7fa6689ac954e902e91b27b56f.jpg]
[bellevision.com.br/wp-content/uploads/2020/12/017e01f912c9df842fc2646c819a7318115ad7e214.jpg]
[bellevision.com.br/wp-content/uploads/2020/12/017ea844ffebcdb4026d3375c6d42ed8882e2f92ea.jpg]
[bellevision.com.br/wp-content/uploads/2020/12/017ec3f15695e9b82febd458f1f15a844d195c8b0f.jpg]
[bellevision.com.br/wp-content/uploads/2020/12/017ec5e4a7a479a944258455d0e26b887ee6b28d0e.jpg]
[bellevision.com.br/wp-content/uploads/2020/12/018a9d3d23ca35c9b29e4be08dfd6244b371dae7c0.jpg]
[bellevision.com.br/wp-content/uploads/2020/12/018b8b75902574c15a5b1bae55da43320e412bcd31.jpg]
[bellevision.com.br/wp-content/uploads/2020/12/019b6a6ad7edca9b989fab5aa8b61864204ce4e5f3.jpg]
[bellevision.com.br/wp-content/uploads/2020/12/019d2bde72076ec0f965a5c0a4ce0691964cae1800.jpg]
[bellevision.com.br/wp-content/uploads/2020/12/019e02db4a5edcae51e990f9bbd5b5f0b2206305f6.jpg]
[bellevision.com.br/wp-content/uploads/2020/12/019e21212eb365b11aeeb66013c1a1180d381eeda3.jpg]
[bellevision.com.br/wp-content/uploads/2020/12/019f282d2ce657ffae745b730a39447e1cfbfdab1d.jpg]
[bellevision.com.br/wp-content/uploads/2020/12/0100df8b3204b524f6024707ad71cbac613008916c.jpg]
[bellevision.com.br/wp-content/uploads/2020/12/0108e5a291852c42a58134d742710581330ceac444.jpg]
[bellevision.com.br/wp-content/uploads/2020/12/0116e500c72748e155f6dcbdcc13bd5d04ed24fd09.jpg]
[bellevision.com.br/wp-content/uploads/2020/12/0124aa108ed7596ae1eeb142a67f5f54702b489e64.jpg]
[bellevision.com.br/wp-content/uploads/2020/12/0127cb7629d3e0db2345d8574815bc66c21407f9d8.jpg]
[bellevision.com.br/wp-content/uploads/2020/12/0128e4de6ceb3c7ad62c5a673257f0208c0f8c90bc.jpg]
[bellevision.com.br/wp-content/uploads/2020/12/0142b0e2de6748ea2d64bf2cf0850cf1550c954851.jpg]
[bellevision.com.br/wp-content/uploads/2020/12/0165e957697ccfdc7c8facd6dbcde623fe9e041492.jpg]
[bellevision.com.br/wp-content/uploads/2020/12/0168b903657645c5437ee211b102d24ead895e637f.jpg]
[bellevision.com.br/wp-content/uploads/2020/12/0170a8b65a4a50c5e5526ea75ced0a0ae2aa67ad9c.jpg]
[bellevision.com.br/wp-content/uploads/2020/12/0172e4422109a9dcf94a0160488625cd3cd4e69206.jpg]
[bellevision.com.br/wp-content/uploads/2020/12/0175af98ce32df5f975035c2049b78faa0959089b8.jpg]
[bellevision.com.br/wp-content/uploads/2020/12/0177e036d392556f461ccabece0ecc6228ce29ce07.jpg]
[bellevision.com.br/wp-content/uploads/2020/12/0184ce3ee9bc44cea24ee51ad0dc2926804922800a.jpg]
[bellevision.com.br/wp-content/uploads/2020/12/0184e74806de5c747edd6dd53de72aaf75c382ebee.jpg]
[bellevision.com.br/wp-content/uploads/2020/12/0192a1c84a47950c89d27591b56a4ac4d331b7fb3f.jpg]
[bellevision.com.br/wp-content/uploads/2020/12/0193c0fe2611141c0118d6bf0fb575f1f2190a0b7b.jpg]
[bellevision.com.br/wp-content/uploads/2020/12/0194d9c368461993d9187b45b00dbfce54ff06eda9.jpg]
[bellevision.com.br/wp-content/uploads/2020/12/0196d9453c3e9e15961226ba3f9ed7cac03936c2fb.jpg]
[bellevision.com.br/wp-content/uploads/2020/12/01374e7034f5284da3e3b040e93defc43deeabedf5.jpg]
[bellevision.com.br/wp-content/uploads/2020/12/01637f4f7a6e24cb549a4c43e66aaffa6708fa10e1.jpg]
[bellevision.com.br/wp-content/uploads/2020/12/01732eb91ab848b7630f91b2a26b777c59eaa5970e.jpg]
[bellevision.com.br/wp-content/uploads/2020/12/01900bcd9de4cfc1efbb9ca4df0affd232c5c6b9af.jpg]
[bellevision.com.br/wp-content/uploads/2020/12/01921e6bf5908370c1766c39f43735f3df67898a9b.jpg]
[bellevision.com.br/wp-content/uploads/2020/12/013019dc4b5fa56369338fecc8fdd43e676f2122de.jpg]
[bellevision.com.br/wp-content/uploads/2020/12/014650a25ba89d6fb4cd9b06c604cb23c5b54933cc.jpg]
[bellevision.com.br/wp-content/uploads/2020/12/015679c7ef820a13fadcaa0ee5bb633059bf6c6989.jpg]
[bellevision.com.br/wp-content/uploads/2020/12/016445bec1500d6aea10e8f517a4036398770867b4.jpg]
[bellevision.com.br/wp-content/uploads/2020/12/018282f0df6f4eb64190c6b8b6bea69b9898959af4.jpg]
[bellevision.com.br/wp-content/uploads/2020/12/018530cbf17145c17f5bc26986a83a4d26dda71969.jpg]
[bellevision.com.br/wp-content/uploads/2020/12/018605bf29caa8206b3d4bc7c5c303acf4ca11e342.jpg]
[bellevision.com.br/wp-content/uploads/2020/12/018912c2efbcbae9a9f61a71093d634475ebca3b31.jpg]
[bellevision.com.br/wp-content/uploads/2020/12/019550e88529210ddb79dd7b62b993c29497cff424.jpg]
[bellevision.com.br/wp-content/uploads/2020/12/019669ac24ee68686ae37ef8da04a9b012472f427b.jpg]
[bellevision.com.br/wp-content/uploads/2020/12/0111558cb84a2d7283029cd067e03c85a0fd7b6423.jpg]
[bellevision.com.br/wp-content/uploads/2020/12/0113716b378bdaf2bf3c5f5801b0a8507c7514ae84.jpg]
[bellevision.com.br/wp-content/uploads/2020/12/0127838fea17525a7a4adc4287bee6ade877aedeab.jpg]
[bellevision.com.br/wp-content/uploads/2020/12/0152185f35cbde3db07e7c721fa5815de94a623ddf.jpg]
[bellevision.com.br/wp-content/uploads/2020/12/01147594cbaad0410d3080770682fa6c6e24f81a54.jpg]
[bellevision.com.br/wp-content/uploads/2020/12/01184814ee1d3cd1ef38f38efdcbb88793d7ea82d0.jpg]
[bellevision.com.br/wp-content/uploads/2020/12/012144898eac0d26c9604c9e745b7a1c34a335ef48.jpg]
[bellevision.com.br/wp-content/uploads/2020/12/0155388710c218e54399afe1ce23dada22e2c8bd71.jpg]
[bellevision.com.br/portfolio/index.html]
[bellevision.com.br/wp-content/uploads/2020/12/01a6c88e88acd2a6c62d570987d461dfaf99deff14.jpg]
[bellevision.com.br/blog/index.html]
[bellevision.com.br/wp-content/uploads/2020/12/01a724cc11cdb378ffe6cda6e397766818f2d34e98.jpg]
[bellevision.com.br/wp-content/uploads/2020/12/01a5466852c73d7f93fba6b268a14101bb980ba74b.jpg]
[bellevision.com.br/wp-content/uploads/2020/12/01a087bf33b8ad553a62a3be3d8ca7f2364a3984dd.jpg]
[bellevision.com.br/wp-content/uploads/2020/12/01a6a792acc84a4a18a8560193132b474655b57265.jpg]
[bellevision.com.br/wp-content/uploads/2020/12/01a001182982cdefb8c7382f3d6c8133650eebe3c7.jpg]
[bellevision.com.br/wp-content/uploads/2020/12/01ab0ac8ed112776f82deeb057fdfbb8b8f5242eee.jpg]
[bellevision.com.br/wp-content/uploads/2020/12/01ab888f4e1e5d104b46bc897c75f1b36493ac8270.jpg]
[bellevision.com.br/wp-content/uploads/2020/12/01af07c93684be416be9ab7993c40d012c885375a7.jpg]
[bellevision.com.br/wp-content/uploads/2020/12/01b5b54fd0224cce2cdb71486ce1d16175a91a5ff7_00002.jpg]
[bellevision.com.br/wp-content/uploads/2020/12/01b6c2b32471606a161c597d337d128c37b8808ecb.jpg]
[bellevision.com.br/wp-content/uploads/2020/12/01ac5a093d3a665312b7f489ea505d9def1efbff96.jpg]
[bellevision.com.br/wp-content/uploads/2020/12/01ac21a85baede785f0fb8114319cae4ff67db8042.jpg]
[bellevision.com.br/wp-content/uploads/2020/12/01ad2b4ac1ebcc29ff4a6c3c6b4ed66a6f0e2048b3.jpg]
[bellevision.com.br/wp-content/uploads/2020/12/01ad931849cf91c641321aebf02c8492e5fc7d205d.jpg]
[bellevision.com.br/wp-content/uploads/2020/12/01af6f7f89df230eac61bef81c1ffc0e8973e3a034.jpg]
[bellevision.com.br/wp-content/uploads/2020/12/01afd946196faa9fa6ac378d31e5f29be4d2e4b30e.jpg]
[bellevision.com.br/wp-content/uploads/2020/12/01b2ee5bbc9421b55518e86bded866557bfd4466dc.jpg]
[bellevision.com.br/wp-content/uploads/2020/12/01b9cc339286c67dc2fd615550a9e0582d4871190b.jpg]
[bellevision.com.br/wp-content/uploads/2020/12/sobre-imagem-min.jpg]
[bellevision.com.br/wp-content/uploads/2020/12/bg-orcamento-min.jpg]
[bellevision.com.br/wp-content/uploads/2020/12/icone-equipe-qualificada.png]
[bellevision.com.br/wp-content/uploads/2020/12/imagem-min-e1609188184676.jpg]
[bellevision.com.br/wp-content/cache/autoptimize/js/autoptimize_single_f89263c0c2f24398a1df52eead69f5f89dff.js]
[bellevision.com.br/wp-content/uploads/2020/12/icone-custo-beneficio.png]
[bellevision.com.br/wp-content/uploads/2020/12/icone-consultoria-tecnica.png]
[bellevision.com.br/wp-content/cache/autoptimize/js/autoptimize_single_eff77a0fc18d569a9d9f43cb0790dd2a001e.js]
[s3-sa-east-1.amazonaws.com/phonetrack-static/pht-phone-replace-v3.min.js]
[phonetrack-static.s3.sa-east-1.amazonaws.com/10ffbba2ec9025b945acc154f3403aec.js]
[bellevision.com.br/wp-content/themes/bellevision2020/inc/assets/webfonts/fa-brands-400.eot]
[bellevision.com.br/wp-content/themes/bellevision2020/inc/assets/fonts/anton.ttf]
[bellevision.com.br/page/3/index.html]
[bellevision.com.br/wp-json/wp/v2/pages/64]
[bellevision.com.br/wp-json/oembed/1.0/embed5e63]
[bellevision.com.br/wp-json/oembed/1.0/embedf607]
[bellevision.com.br/wp-json/oembed/1.0/embeda6b7]
[bellevision.com.br/wp-content/uploads/2020/12/Screenshot_2.png]
[bellevision.com.br/wp-content/uploads/2020/12/014d9c98e923b02f726c0c3d15d82f6640fc5d0ba0-e1609330637942.jpg]
[bellevision.com.br/wp-content/uploads/2020/12/Screenshot_1.png]
[bellevision.com.br/wp-content/uploads/2020/12/Screenshot_3.png]
[bellevision.com.br/wp-json/oembed/1.0/embed831b]
[bellevision.com.br/wp-content/uploads/2020/12/01e6e563b7d7379cbe036aeb143b2aeb96f8b6027d.jpg]
[bellevision.com.br/wp-content/uploads/2020/12/016907922b83b10fa9a0d23f1d660db6a92f4861d6.jpg]
[bellevision.com.br/wp-json/oembed/1.0/embed9e58]
[bellevision.com.br/wp-json/oembed/1.0/embeda0b3]
[bellevision.com.br/wp-content/uploads/2020/12/01014b488ced7ada4383d56993aca46863e97082fb.jpg]
[bellevision.com.br/wp-json/oembed/1.0/embed7b3f]
[bellevision.com.br/wp-json/oembed/1.0/embedb5a8]
[bellevision.com.br/wp-json/wp/v2/pages/74]
[bellevision.com.br/wp-content/uploads/2020/12/01b20a5d91db070f5e45ca16a06acefda2627250b1.jpg]
[bellevision.com.br/wp-content/uploads/2020/12/01b060aa14fae0d5a30b2f9fb6da5996580c768b95.jpg]
[bellevision.com.br/wp-json/oembed/1.0/embed59fe]
[bellevision.com.br/wp-content/uploads/2020/12/01bb6feb82db9bf02f33c338d72a14db9090e4a099.jpg]
[bellevision.com.br/wp-content/uploads/2020/12/01bbcded336743f6003b722c298fae1f25dca975a4.jpg]
[bellevision.com.br/wp-json/oembed/1.0/embedb752]
[bellevision.com.br/wp-content/uploads/2020/12/01b76cd3d1571a498c75fb61f39e597a9495773c2f.jpg]
[bellevision.com.br/wp-content/uploads/2020/12/01bc936fe76ac1143c794644f268fce84b2bb36292.jpg]
[bellevision.com.br/wp-content/uploads/2020/12/01c1fdb180d4153592f0d3bca0a1cac22930d7a7b8.jpg]
[bellevision.com.br/wp-content/uploads/2020/12/01c3a677a07ef0184093396bdbcf1f9d6270907692.jpg]
[bellevision.com.br/wp-content/uploads/2020/12/01c17a2af4643eabaa89b5caf05bab6b0f93ad3e9a.jpg]
[bellevision.com.br/wp-content/uploads/2020/12/01c44904d90a3f37c8611f5c607648b47ecb50fbe5.jpg]
[bellevision.com.br/wp-content/uploads/2020/12/01c16129423bef3052b5f3dd637b7faa630f4a43f4.jpg]
[bellevision.com.br/wp-content/uploads/2020/12/01d0a1bd4a4db522c70e98352a56e77ec5de5f303b.jpg]
[bellevision.com.br/wp-content/uploads/2020/12/01d20bc103d8f75c1ef832a46c4aac24e561d4176b.jpg]
[bellevision.com.br/wp-content/uploads/2020/12/01d44e94a4bcb165fb6b30f3b7f3f93a6760c467b6.jpg]
[bellevision.com.br/wp-content/uploads/2020/12/01d505fa628ef79d02de7f340023c2c2aac28d7ce2.jpg]
[bellevision.com.br/wp-content/uploads/2020/12/01d2364580502b622bb7f099a95e8b8fba62e82d90.jpg]
[bellevision.com.br/wp-content/uploads/2020/12/01dae1b06baf01e9910b96f637f5027e189992c7aa.jpg]
[bellevision.com.br/wp-content/uploads/2020/12/01dbd24a211b9550ea8b9211938da2390a925945dd.jpg]
[bellevision.com.br/wp-content/uploads/2020/12/01dd763c066d3b689e5b77574f4076be307c895a59.jpg]
[bellevision.com.br/wp-content/uploads/2020/12/01e2b103f42c5b8745c430ef32d5f6c9cd7a4a3e6a.jpg]
[bellevision.com.br/wp-content/uploads/2020/12/01e7efbc525d8c46356a5d516e1374382706cc5ff4.jpg]
[bellevision.com.br/wp-content/uploads/2020/12/01e2815eef877903d16f35122defc39658bba4353c.jpg]
[bellevision.com.br/wp-content/uploads/2020/12/01ea86f83efd5f839b4198bbc2738fbf83a8d0a95f.jpg]
[bellevision.com.br/wp-content/uploads/2020/12/01eaf0d44bfcd3fc5c6ff5e496811378b47832918b.jpg]
[bellevision.com.br/wp-content/uploads/2020/12/01ee330fff2f08d81411997520912935ce052d05a0.jpg]
[bellevision.com.br/wp-content/uploads/2020/12/01ef6b5e59bde0c7cea10f54d171dec07faa856c09.jpg]
[bellevision.com.br/wp-content/uploads/2020/12/01efb9ed3e31753d23cccd9efd41e30ec6ed241df6.jpg]
[bellevision.com.br/wp-content/uploads/2020/12/01f619f79c5e9849f2cde0dec5bd2cf9b01baa7af9.jpg]
[bellevision.com.br/wp-content/uploads/2020/12/01f025785f76ac0fbf8261ef357a76b97d5f2c5c1f.jpg]
[bellevision.com.br/wp-content/uploads/2020/12/01f474503b57e4d9f597684be58a116be28c4b523d.jpg]
[bellevision.com.br/wp-content/uploads/2020/12/01f33531775042cc0a32f914f5c39cb41f9577eed9.jpg]
[bellevision.com.br/wp-content/uploads/2020/12/01fa90b80ee6b964824c91c82ffaafc38c5e668b57.jpg]
[bellevision.com.br/wp-content/uploads/2020/12/01fb1a19da8e80de922a4feb08fb4cc7871d1e0e8a.jpg]
[bellevision.com.br/wp-content/uploads/2020/12/01fcd57f896a8accb7b0101233495e391214e6d49c.jpg]
[bellevision.com.br/wp-content/uploads/2020/12/01fd6a30b926db2e6a1a5068663e8543bf11c07cdc.jpg]
[bellevision.com.br/wp-content/uploads/2020/12/010dc4378054b8c8cb301d1454345fbbe4ae96b82f.jpg]
[bellevision.com.br/wp-content/uploads/2020/12/010df57d3ef3e90e4ba2972dd5aec34b472adf58db.jpg]
[bellevision.com.br/wp-content/uploads/2020/12/010ea1ddcd40cbb1a6ae1f3122946abce9f4220d8c.jpg]
[bellevision.com.br/wp-content/uploads/2020/12/011a4aecaa929727681f02be501eaaafad65150b3e.jpg]
[bellevision.com.br/wp-content/uploads/2020/12/011c16a964cc8aaec462a09ee63b155ffbfbc39720.jpg]
[bellevision.com.br/wp-content/uploads/2020/12/011ddaa35475706e9adaa9256c59f946e7f9ca06a4.jpg]
[bellevision.com.br/wp-content/uploads/2020/12/012c432485d4c0adb8ca871c7dba564693024d29d9.jpg]
[bellevision.com.br/wp-content/uploads/2020/12/010cfb3828953cb015aeb89a2a9350d2fd229293f2.jpg]
[bellevision.com.br/wp-content/uploads/2020/12/011e07c77abf6a0b33cb644074727e14823fbf19ab.jpg]
[bellevision.com.br/wp-content/uploads/2020/12/011facc425e7cc523b1714f74da47f5adb20e5a12a.jpg]
[bellevision.com.br/wp-content/uploads/2020/12/012c0edbcbc938d4d3ff3bc590fc7146c7921e3219.jpg]
[bellevision.com.br/wp-content/uploads/2020/12/012d57e97b7f2c0be7ded727fbac4ad58a5d5e5e4b.jpg]
[bellevision.com.br/wp-content/uploads/2020/12/012f35748b3318c5cf5f70b8ad872a71f86e7421cd.jpg]
[bellevision.com.br/wp-content/uploads/2020/12/013b5cc5bd87c37ec8435f035e3ed3be3f08799feb.jpg]
[bellevision.com.br/wp-content/uploads/2020/12/013b594409c86a25ae01fef11f664d66654ea1b12d.jpg]
[bellevision.com.br/wp-content/uploads/2020/12/013db534a66c20f61a8374534731fe7c0d003c8038.jpg]
[bellevision.com.br/wp-content/uploads/2020/12/013dcf72352b677ed2dc0d8a7100aaea237ac5ed82.jpg]
[bellevision.com.br/wp-content/uploads/2020/12/013e5a5128c5c08cb7bccfddfba3800f2cd5ed468c.jpg]
[bellevision.com.br/wp-content/uploads/2020/12/0194d9c368461993d9187b45b00dbfce54ff06eda9.jpg]
[bellevision.com.br/wp-content/uploads/2020/12/0196d9453c3e9e15961226ba3f9ed7cac03936c2fb.jpg]
[bellevision.com.br/wp-content/uploads/2020/12/01374e7034f5284da3e3b040e93defc43deeabedf5.jpg]
[bellevision.com.br/wp-content/uploads/2020/12/01691a79296fc913ce3a5ffdd348de2520da7da0dc_00001.jpg]
[bellevision.com.br/wp-json/wp/v2/pages/126.json]
[bellevision.com.br/wp-json/oembed/1.0/embeda7b4.json]
[bellevision.com.br/wp-json/oembed/1.0/embed826d]
[bellevision.com.br/blog/index.html]
[bellevision.com.br/portfolio]
[s3-sa-east-1.amazonaws.com/phonetrack-static/pht-phone-replace-v3.min.js]
[bellevision.com.br/fechamento-de-area-gourmet-em-sao-jose-dos-campos/index.html]
[bellevision.com.br/vidro-retratil-para-churrasqueira-em-jundiai/index.html]
[bellevision.com.br/wp-content/themes/bellevision2020/inc/assets/css/owl.video.play.png]
[bellevision.com.br/category/divisao-de-ambiente/index.html]
[bellevision.com.br/category/envidracamento-de-sacadas/index.html]
[bellevision.com.br/category/blog/index.html]
[bellevision.com.br/page/3/index.html]
[bellevision.com.br/divisoria-de-vidro-retratil-em-sorocaba/index.html]
[bellevision.com.br/cortina-de-vidro-em-bertioga/index.html]
[bellevision.com.br/envidracamento-de-sacadas-retratil-em-campinas/index.html]
[bellevision.com.br/index8cd4.html]
[bellevision.com.br/envidracamento-de-sacadas-no-tatuape/index.html]
[bellevision.com.br/indexb351.html]
[bellevision.com.br/envidracamento-de-sacadas-em-maua/index.html]
[bellevision.com.br/fechamento-de-sacadas-na-mooca-sao-paulo/index.html]
[bellevision.com.br/index007a.html]
[bellevision.com.br/envidracamento-de-sacadas-na-vila-mariana/index.html]
[bellevision.com.br/envidracamento-de-sacada-em-perdizes/index.html]
[bellevision.com.br/index0449.html]
[bellevision.com.br/blog/page/2/index.html]
[bellevision.com.br/index49a5.html]
[bellevision.com.br/index4ab3.html]
[bellevision.com.br/blog/page/6/index.html]
[bellevision.com.br/blog/page/3/index.html]
[bellevision.com.br/page/4/index.html]
[bellevision.com.br/wp-json/wp/v2/posts/606.json]
[bellevision.com.br/wp-json/oembed/1.0/embed1ba7.json]
[bellevision.com.br/fechamento-de-area-gourmet-em-sao-jose-dos-campos/feed/index.html]
[bellevision.com.br/wp-json/oembed/1.0/embedcf5e]
[bellevision.com.br/fechamento-de-area-gourmet-em-sao-jose-dos-campos/index.html]
[bellevision.com.br/voce-sabia-que-da-para-economizar-energia-com-envidracamento-de-sacadas/index.html]
[bellevision.com.br/wp-json/wp/v2/categories/18.json]
[bellevision.com.br/category/divisao-de-ambiente/feed/index.html]
[bellevision.com.br/5-dicas-para-montar-uma-area-gourmet-moderna/index.html]
[bellevision.com.br/wp-content/uploads/2020/12/0191529d8919242777941fbd340631aa76ec2c2523.jpg]
[bellevision.com.br/category/divisao-de-ambiente/index.html]
[bellevision.com.br/wp-json/wp/v2/categories/6.json]
[bellevision.com.br/category/envidracamento-de-sacadas/index.html]
[bellevision.com.br/divisao-de-ambientes-com-vidro-no-abc/index.html]
[bellevision.com.br/onde-usar-divisao-ambientes-vidro/index.html]
[bellevision.com.br/vantagens-divisao-ambientes-vidro/index.html]
[bellevision.com.br/portas-e-divisoes-de-vidro-sao-opcoes-para-delimitar-ambientes/index.html]
[bellevision.com.br/motivos-para-fazer-divisao-de-ambientes-com-vidro/index.html]
[bellevision.com.br/wp-json/wp/v2/posts/601.json]
[bellevision.com.br/onde-usar-divisorias-de-vidro/index.html]
[bellevision.com.br/como-usar-vidro-na-decoracao-de-sua-casa/index.html]
[bellevision.com.br/wp-json/oembed/1.0/embed88e7.json]
[bellevision.com.br/category/envidracamento-de-sacadas/page/2/index.html]
[bellevision.com.br/category/envidracamento-de-sacadas/feed/index.html]
[bellevision.com.br/wp-json/oembed/1.0/embedb310]
[bellevision.com.br/vidro-retratil-para-churrasqueira-em-jundiai/index.html]
[bellevision.com.br/fechamento-de-sacadas-em-sao-bernardo-do-campo/index.html]
[bellevision.com.br/envidracamento-de-sacadas-em-santo-andre/index.html]
[bellevision.com.br/envidracamento-de-sacada-em-moema/index.html]
[bellevision.com.br/category/envidracamento-de-sacadas/page/3/index.html]
[bellevision.com.br/wp-json/wp/v2/categories/4.json]
[bellevision.com.br/category/blog/index.html]
[bellevision.com.br/category/envidracamento-de-sacadas/page/4/index.html]
[bellevision.com.br/vidro-retratil-para-churrasqueira-em-jundiai/feed/index.html]
[bellevision.com.br/wp-json/wp/v2/posts/598.json]
[bellevision.com.br/3-motivos-para-criar-ambientes-integrados-com-vidros-na-sua-casa/index.html]
[bellevision.com.br/wp-json/oembed/1.0/embedfe76.json]
[bellevision.com.br/como-limpar-sacadas-de-vidro/index.html]
[bellevision.com.br/category/blog/page/2/index.html]
[bellevision.com.br/wp-json/oembed/1.0/embed33b9]
[bellevision.com.br/divisoria-de-vidro-retratil-em-sorocaba/index.html]
[bellevision.com.br/category/blog/feed/index.html]
[bellevision.com.br/category/blog/page/3/index.html]
[bellevision.com.br/category/blog/page/5/index.html]
[bellevision.com.br/wp-json/wp/v2/posts/580.json]
[bellevision.com.br/divisoria-de-vidro-retratil-em-sorocaba/feed/index.html]
[bellevision.com.br/wp-json/oembed/1.0/embed5e6c.json]
[bellevision.com.br/cortina-de-vidro-em-bertioga/feed/index.html]
[bellevision.com.br/wp-json/oembed/1.0/embed34fb]
[bellevision.com.br/cortina-de-vidro-em-bertioga/index.html]
[bellevision.com.br/wp-json/wp/v2/posts/544.json]
[bellevision.com.br/e-preciso-algum-tipo-de-autorizacao-para-fazer-fechamento-de-sacadas-em-condominios/index.html]
[bellevision.com.br/envidracamento-de-sacada-solucao-para-todas-as-estacoes-do-ano/index.html]
[bellevision.com.br/manutencao-preventiva-no-envidracamento-de-sacadas-entenda-a-importancia/index.html]
[bellevision.com.br/wp-json/oembed/1.0/embed5e74.json]
[bellevision.com.br/envidracamento-de-sacadas-retratil-em-campinas/feed/index.html]
[bellevision.com.br/wp-json/oembed/1.0/embedf691]
[bellevision.com.br/envidracamento-de-sacadas-retratil-em-campinas/index.html]
[bellevision.com.br/beneficios-de-uma-sacada-de-vidro-no-verao-conforto-termico-e-fundamental/index.html]
[bellevision.com.br/wp-json/wp/v2/posts/537.json]
[bellevision.com.br/envidracamento-de-varanda-e-rede-de-protecao-se-complementam/index.html]
[bellevision.com.br/wp-json/oembed/1.0/embed29f7.json]
[bellevision.com.br/home-office-faca-da-sacada-o-seu-escritorio/index.html]
[bellevision.com.br/valorize-seu-apartamento-com-o-envidracamento-da-sacada/index.html]
[bellevision.com.br/wp-json/oembed/1.0/embedea60]
[bellevision.com.br/envidracamento-de-sacadas-no-tatuape/index.html]
[bellevision.com.br/envidracamento-de-sacadas-no-tatuape/feed/index.html]
[bellevision.com.br/wp-json/wp/v2/posts/530.json]
[bellevision.com.br/vidro-temperado-o-vidro-do-envidracamento-de-varanda/index.html]
[bellevision.com.br/envidracamento-de-sacadas-em-maua/feed/index.html]
[bellevision.com.br/wp-json/oembed/1.0/embed229c.json]
[bellevision.com.br/wp-json/oembed/1.0/embed30b4]
[bellevision.com.br/envidracamento-de-sacadas-em-maua/index.html]
[bellevision.com.br/wp-json/wp/v2/posts/526.json]
[bellevision.com.br/fechamento-de-sacadas-na-mooca-sao-paulo/feed/index.html]
[bellevision.com.br/wp-json/oembed/1.0/embeddbe9.json]
[bellevision.com.br/wp-json/oembed/1.0/embeda0a3]
[bellevision.com.br/fechamento-de-sacadas-na-mooca-sao-paulo/index.html]
[bellevision.com.br/wp-json/wp/v2/posts/522.json]
[bellevision.com.br/vantagens-do-fechamento-de-sacadas/index.html]
[bellevision.com.br/como-fazer-uma-sacada-integrada-com-vidros-conheca-essa-tendencia/index.html]
[bellevision.com.br/entenda-como-reduzir-os-ruidos-externos-do-seu-lar/index.html]
[bellevision.com.br/wp-json/oembed/1.0/embedc143.json]
[bellevision.com.br/envidracamento-de-sacadas-na-vila-mariana/feed/index.html]
[bellevision.com.br/wp-json/oembed/1.0/embeddd30]
[bellevision.com.br/envidracamento-de-sacadas-na-vila-mariana/index.html]
[bellevision.com.br/wp-json/wp/v2/posts/518.json]
[bellevision.com.br/envidracamento-de-sacada-em-perdizes/feed/index.html]
[bellevision.com.br/wp-json/oembed/1.0/embedca39.json]
[bellevision.com.br/wp-json/oembed/1.0/embed94bb]
[bellevision.com.br/envidracamento-de-sacada-em-perdizes/index.html]
[bellevision.com.br/blog/page/2/index.html]
[bellevision.com.br/blog/page/3/index.html]
[bellevision.com.br/blog/page/6/index.html]
[bellevision.com.br/envidracamento-de-sacada-em-sao-caetano-do-sul/index.html]
[bellevision.com.br/envidracamento-de-sacadas-residenciais-no-abc/index.html]
[bellevision.com.br/404.html]
[bellevision.com.br/page/4/index.html]
[bellevision.com.br/envidracamento-de-sacadas-para-escritorios-no-abc/index.html]
[bellevision.com.br/indexce2e.html]
[bellevision.com.br/blog/page/4/index.html]
[bellevision.com.br/folhas-de-vidro-emperrando-entenda-como-resolver-com-cuidado/index.html]
[bellevision.com.br/barulho-de-vento-entre-os-vidros-veja-como-solucionar/index.html]
[bellevision.com.br/como-aproveitar-sacadas-pequenas/index.html]
[bellevision.com.br/wp-json/wp/v2/posts/453.json]
[bellevision.com.br/envidracamento-sacadas-contra-variacao-clime/index.html]
[bellevision.com.br/blog/page/5/index.html]
[bellevision.com.br/wp-json/oembed/1.0/embedfafb.json]
[bellevision.com.br/envidracar-sacadas-pode-dar-problema/index.html]
[bellevision.com.br/5-vantagens-do-envidracamento-de-sacadas/index.html]
[bellevision.com.br/wp-json/oembed/1.0/embed2e78]
[bellevision.com.br/5-dicas-para-montar-uma-area-gourmet-moderna/index.html]
[bellevision.com.br/servico-de-envidracamento-de-sacadas/index.html]
[bellevision.com.br/page/5/index.html]
[bellevision.com.br/wp-json/wp/v2/posts/455.json]
[bellevision.com.br/5-dicas-para-montar-uma-area-gourmet-moderna/feed/index.html]
[bellevision.com.br/wp-json/oembed/1.0/embedd0b2.json]
[bellevision.com.br/wp-json/oembed/1.0/embed5b14]
[bellevision.com.br/voce-sabia-que-da-para-economizar-energia-com-envidracamento-de-sacadas/index.html]
[bellevision.com.br/wp-json/wp/v2/posts/502.json]
[bellevision.com.br/wp-json/oembed/1.0/embed5ab2.json]
[bellevision.com.br/wp-json/oembed/1.0/embed86b6]
[bellevision.com.br/divisao-de-ambientes-com-vidro-no-abc/index.html]
[bellevision.com.br/voce-sabia-que-da-para-economizar-energia-com-envidracamento-de-sacadas/feed/index.html]
[bellevision.com.br/wp-json/wp/v2/posts/451.json]
[bellevision.com.br/wp-json/oembed/1.0/embed1220.json]
[bellevision.com.br/wp-json/oembed/1.0/embed361b]
[bellevision.com.br/onde-usar-divisao-ambientes-vidro/index.html]
[bellevision.com.br/wp-json/wp/v2/posts/448.json]
[bellevision.com.br/envidracamento-sacadas-arcondicionado-possivel/index.html]
[bellevision.com.br/divisao-de-ambientes-com-vidro-no-abc/feed/index.html]
[bellevision.com.br/wp-json/oembed/1.0/embed8eac.json]
[bellevision.com.br/onde-usar-divisao-ambientes-vidro/feed/index.html]
[bellevision.com.br/wp-json/oembed/1.0/embed5da0]
[bellevision.com.br/vantagens-divisao-ambientes-vidro/index.html]
[bellevision.com.br/wp-json/wp/v2/posts/443.json]
[bellevision.com.br/vantagens-divisao-ambientes-vidro/feed/index.html]
[bellevision.com.br/conheca-as-principais-regras-para-o-envidracamento-de-sacadas/index.html]
[bellevision.com.br/wp-json/oembed/1.0/embedc672.json]
[bellevision.com.br/portas-e-divisoes-de-vidro-sao-opcoes-para-delimitar-ambientes/feed/index.html]
[bellevision.com.br/wp-json/oembed/1.0/embede7ec]
[bellevision.com.br/portas-e-divisoes-de-vidro-sao-opcoes-para-delimitar-ambientes/index.html]
[bellevision.com.br/wp-json/wp/v2/posts/441.json]
[bellevision.com.br/importancia-da-manutencao-preventiva-em-envidracamento-de-sacada/index.html]
[bellevision.com.br/envidracamento-de-sacadas-para-sobrados/index.html]
[bellevision.com.br/motivos-para-fazer-divisao-de-ambientes-com-vidro/feed/index.html]
[bellevision.com.br/wp-json/oembed/1.0/embed5cbe.json]
[bellevision.com.br/wp-json/oembed/1.0/embed156d]
[bellevision.com.br/motivos-para-fazer-divisao-de-ambientes-com-vidro/index.html]
[bellevision.com.br/wp-json/wp/v2/posts/435.json]
[bellevision.com.br/onde-usar-divisorias-de-vidro/feed/index.html]
[bellevision.com.br/wp-json/oembed/1.0/embedd4a1.json]
[bellevision.com.br/wp-json/oembed/1.0/embed89a4]
[bellevision.com.br/onde-usar-divisorias-de-vidro/index.html]
[bellevision.com.br/wp-json/wp/v2/posts/434.json]
[bellevision.com.br/wp-json/oembed/1.0/embed3a31.json]
[bellevision.com.br/wp-json/oembed/1.0/embedf1cc]
[bellevision.com.br/como-usar-vidro-na-decoracao-de-sua-casa/index.html]
[bellevision.com.br/category/envidracamento-de-sacadas/page/2/index.html]
[bellevision.com.br/como-proporcionar-bem-estar-em-sua-sacada/index.html]
[bellevision.com.br/como-usar-vidro-na-decoracao-de-sua-casa/feed/index.html]
[bellevision.com.br/vidro-temperado-ou-laminado-para-envidracamento-de-sacadas/index.html]
[bellevision.com.br/wp-json/wp/v2/posts/515.json]
[bellevision.com.br/envidracamento-de-sacadas-em-santo-andre/feed/index.html]
[bellevision.com.br/wp-json/oembed/1.0/embed2f9c.json]
[bellevision.com.br/wp-json/oembed/1.0/embed9683]
[bellevision.com.br/envidracamento-de-sacadas-em-santo-andre/index.html]
[bellevision.com.br/wp-json/wp/v2/posts/509.json]
[bellevision.com.br/envidracamento-de-sacada-em-moema/feed/index.html]
[bellevision.com.br/wp-json/oembed/1.0/embedd635.json]
[bellevision.com.br/wp-json/oembed/1.0/embed2bf6]
[bellevision.com.br/envidracamento-de-sacada-em-moema/index.html]
[bellevision.com.br/wp-json/wp/v2/posts/507.json]
[bellevision.com.br/fechamento-de-sacadas-em-sao-bernardo-do-campo/feed/index.html]
[bellevision.com.br/wp-json/oembed/1.0/embedc785.json]
[bellevision.com.br/wp-json/oembed/1.0/embedc48a]
[bellevision.com.br/fechamento-de-sacadas-em-sao-bernardo-do-campo/index.html]
[bellevision.com.br/category/envidracamento-de-sacadas/page/3/index.html]
[bellevision.com.br/category/envidracamento-de-sacadas/page/4/index.html]
[bellevision.com.br/indexbdc9.html]
[bellevision.com.br/wp-json/wp/v2/posts/458.json]
[bellevision.com.br/escolha-o-vidro-certo-para-sua-sacada/index.html]
[bellevision.com.br/7-dicas-para-quem-deseja-fazer-envidracamento-de-sacada/index.html]
[bellevision.com.br/por-que-os-vidros-temperados-quebram-sozinhos/index.html]
[bellevision.com.br/3-motivos-para-criar-ambientes-integrados-com-vidros-na-sua-casa/feed/index.html]
[bellevision.com.br/wp-json/oembed/1.0/embed4156.json]
[bellevision.com.br/wp-json/oembed/1.0/embed4bbe]
[bellevision.com.br/3-motivos-para-criar-ambientes-integrados-com-vidros-na-sua-casa/index.html]
[bellevision.com.br/wp-json/wp/v2/posts/445.json]
[bellevision.com.br/como-limpar-sacadas-de-vidro/feed/index.html]
[bellevision.com.br/wp-json/oembed/1.0/embed133c.json]
[bellevision.com.br/wp-json/oembed/1.0/embed039c]
[bellevision.com.br/como-limpar-sacadas-de-vidro/index.html]
[bellevision.com.br/category/blog/page/2/index.html]
[bellevision.com.br/category/blog/page/3/index.html]
[bellevision.com.br/category/blog/page/5/index.html]
[bellevision.com.br/index424e.html]
[bellevision.com.br/index5b8d.html]
[bellevision.com.br/wp-json/wp/v2/posts/481.json]
[bellevision.com.br/category/blog/page/4/index.html]
[bellevision.com.br/e-preciso-algum-tipo-de-autorizacao-para-fazer-fechamento-de-sacadas-em-condominios/feed/index.html]
[bellevision.com.br/wp-json/oembed/1.0/embedd934.json]
[bellevision.com.br/wp-json/oembed/1.0/embed0023]
[bellevision.com.br/e-preciso-algum-tipo-de-autorizacao-para-fazer-fechamento-de-sacadas-em-condominios/index.html]
[bellevision.com.br/wp-json/wp/v2/posts/464.json]
[bellevision.com.br/envidracamento-de-sacada-solucao-para-todas-as-estacoes-do-ano/feed/index.html]
[bellevision.com.br/wp-json/oembed/1.0/embed9c21.json]
[bellevision.com.br/wp-json/oembed/1.0/embed93bd]
[bellevision.com.br/envidracamento-de-sacada-solucao-para-todas-as-estacoes-do-ano/index.html]
[bellevision.com.br/wp-json/wp/v2/posts/456.json]
[bellevision.com.br/manutencao-preventiva-no-envidracamento-de-sacadas-entenda-a-importancia/feed/index.html]
[bellevision.com.br/wp-json/oembed/1.0/embed5af5.json]
[bellevision.com.br/wp-json/oembed/1.0/embed3a0f]
[bellevision.com.br/manutencao-preventiva-no-envidracamento-de-sacadas-entenda-a-importancia/index.html]
[bellevision.com.br/index044f.html]
[bellevision.com.br/wp-json/wp/v2/posts/470.json]
[bellevision.com.br/beneficios-de-uma-sacada-de-vidro-no-verao-conforto-termico-e-fundamental/feed/index.html]
[bellevision.com.br/wp-json/oembed/1.0/embed428a.json]
[bellevision.com.br/wp-json/oembed/1.0/embedaff2]
[bellevision.com.br/beneficios-de-uma-sacada-de-vidro-no-verao-conforto-termico-e-fundamental/index.html]
[bellevision.com.br/wp-json/wp/v2/posts/477.json]
[bellevision.com.br/envidracamento-de-varanda-e-rede-de-protecao-se-complementam/feed/index.html]
[bellevision.com.br/wp-json/oembed/1.0/embed5270.json]
[bellevision.com.br/wp-json/oembed/1.0/embed3377]
[bellevision.com.br/envidracamento-de-varanda-e-rede-de-protecao-se-complementam/index.html]
[bellevision.com.br/wp-json/wp/v2/posts/110.json]
[bellevision.com.br/home-office-faca-da-sacada-o-seu-escritorio/feed/index.html]
[bellevision.com.br/wp-json/oembed/1.0/embed648b.json]
[bellevision.com.br/wp-json/oembed/1.0/embedd173]
[bellevision.com.br/home-office-faca-da-sacada-o-seu-escritorio/index.html]
[bellevision.com.br/wp-json/wp/v2/posts/460.json]
[bellevision.com.br/valorize-seu-apartamento-com-o-envidracamento-da-sacada/feed/index.html]
[bellevision.com.br/wp-json/oembed/1.0/embeda66e.json]
[bellevision.com.br/wp-json/oembed/1.0/embed4812]
[bellevision.com.br/valorize-seu-apartamento-com-o-envidracamento-da-sacada/index.html]
[bellevision.com.br/indexfbc0.html]
[bellevision.com.br/wp-json/wp/v2/posts/440.json]
[bellevision.com.br/vidro-temperado-o-vidro-do-envidracamento-de-varanda/feed/index.html]
[bellevision.com.br/wp-json/oembed/1.0/embed09c3.json]
[bellevision.com.br/wp-json/oembed/1.0/embed2e67]
[bellevision.com.br/vidro-temperado-o-vidro-do-envidracamento-de-varanda/index.html]
[bellevision.com.br/indexde52.html]
[bellevision.com.br/index6a35.html]
[bellevision.com.br/wp-json/wp/v2/posts/430.json]
[bellevision.com.br/vantagens-do-fechamento-de-sacadas/feed/index.html]
[bellevision.com.br/wp-json/oembed/1.0/embeded03.json]
[bellevision.com.br/wp-json/oembed/1.0/embedecc8]
[bellevision.com.br/vantagens-do-fechamento-de-sacadas/index.html]
[bellevision.com.br/wp-json/wp/v2/posts/454.json]
[bellevision.com.br/como-fazer-uma-sacada-integrada-com-vidros-conheca-essa-tendencia/feed/index.html]
[bellevision.com.br/wp-json/oembed/1.0/embeda8f7.json]
[bellevision.com.br/wp-json/oembed/1.0/embed2b5a]
[bellevision.com.br/como-fazer-uma-sacada-integrada-com-vidros-conheca-essa-tendencia/index.html]
[bellevision.com.br/wp-json/wp/v2/posts/446.json]
[bellevision.com.br/wp-json/oembed/1.0/embedcabb.json]
[bellevision.com.br/entenda-como-reduzir-os-ruidos-externos-do-seu-lar/feed/index.html]
[bellevision.com.br/wp-json/oembed/1.0/embed28f2]
[bellevision.com.br/entenda-como-reduzir-os-ruidos-externos-do-seu-lar/index.html]
[bellevision.com.br/index28a7.html]
[bellevision.com.br/indexa51f.html]
[bellevision.com.br/wp-json/wp/v2/posts/500.json]
[bellevision.com.br/envidracamento-de-sacada-em-sao-caetano-do-sul/feed/index.html]
[bellevision.com.br/wp-json/oembed/1.0/embed63d1.json]
[bellevision.com.br/wp-json/oembed/1.0/embed20ef]
[bellevision.com.br/envidracamento-de-sacada-em-sao-caetano-do-sul/index.html]
[bellevision.com.br/wp-json/wp/v2/posts/490.json]
[bellevision.com.br/envidracamento-de-sacadas-residenciais-no-abc/feed/index.html]
[bellevision.com.br/wp-json/oembed/1.0/embedd141.json]
[bellevision.com.br/wp-json/oembed/1.0/embedef40]
[bellevision.com.br/envidracamento-de-sacadas-residenciais-no-abc/index.html]
[bellevision.com.br/wp-json/wp/v2/posts/492.json]
[bellevision.com.br/envidracamento-de-sacadas-para-escritorios-no-abc/feed/index.html]
[bellevision.com.br/wp-json/oembed/1.0/embedd1ce.json]
[bellevision.com.br/wp-json/oembed/1.0/embedf959]
[bellevision.com.br/envidracamento-de-sacadas-para-escritorios-no-abc/index.html]
[bellevision.com.br/blog/page/1/index.html]
[bellevision.com.br/blog/page/4/index.html]
[bellevision.com.br/wp-json/wp/v2/posts/459.json]
[bellevision.com.br/folhas-de-vidro-emperrando-entenda-como-resolver-com-cuidado/feed/index.html]
[bellevision.com.br/wp-json/oembed/1.0/embed85d3.json]
[bellevision.com.br/wp-json/oembed/1.0/embedd8a0]
[bellevision.com.br/folhas-de-vidro-emperrando-entenda-como-resolver-com-cuidado/index.html]
[bellevision.com.br/wp-json/wp/v2/posts/457.json]
[bellevision.com.br/barulho-de-vento-entre-os-vidros-veja-como-solucionar/feed/index.html]
[bellevision.com.br/wp-json/oembed/1.0/embed367c.json]
[bellevision.com.br/wp-json/oembed/1.0/embed4c15]
[bellevision.com.br/barulho-de-vento-entre-os-vidros-veja-como-solucionar/index.html]
[bellevision.com.br/wp-json/wp/v2/posts/452.json]
[bellevision.com.br/como-aproveitar-sacadas-pequenas/feed/index.html]
[bellevision.com.br/wp-json/oembed/1.0/embedd48a.json]
[bellevision.com.br/wp-json/oembed/1.0/embed7823]
[bellevision.com.br/como-aproveitar-sacadas-pequenas/index.html]
[bellevision.com.br/wp-json/wp/v2/posts/450.json]
[bellevision.com.br/wp-json/oembed/1.0/embedb0b1.json]
[bellevision.com.br/wp-json/oembed/1.0/embedfe17]
[bellevision.com.br/envidracamento-sacadas-contra-variacao-clime/index.html]
[bellevision.com.br/blog/page/5/index.html]
[bellevision.com.br/envidracamento-sacadas-contra-variacao-clime/feed/index.html]
[bellevision.com.br/wp-json/wp/v2/posts/432.json]
[bellevision.com.br/envidracar-sacadas-pode-dar-problema/feed/index.html]
[bellevision.com.br/wp-json/oembed/1.0/embed8641.json]
[bellevision.com.br/wp-json/oembed/1.0/embed6c65]
[bellevision.com.br/envidracar-sacadas-pode-dar-problema/index.html]
[bellevision.com.br/wp-json/wp/v2/posts/431.json]
[bellevision.com.br/5-vantagens-do-envidracamento-de-sacadas/feed/index.html]
[bellevision.com.br/wp-json/oembed/1.0/embed9bc9.json]
[bellevision.com.br/wp-json/oembed/1.0/embedc2ad]
[bellevision.com.br/5-vantagens-do-envidracamento-de-sacadas/index.html]
[bellevision.com.br/wp-json/wp/v2/posts/429.json]
[bellevision.com.br/servico-de-envidracamento-de-sacadas/feed/index.html]
[bellevision.com.br/wp-json/oembed/1.0/embed3058.json]
[bellevision.com.br/wp-json/oembed/1.0/embed14bc]
[bellevision.com.br/servico-de-envidracamento-de-sacadas/index.html]
[bellevision.com.br/page/5/index.html]
[bellevision.com.br/index06d3.html]
[bellevision.com.br/envidracamento-de-sacadas/index.html]
[bellevision.com.br/tag/area-gourmet/index.html]
[bellevision.com.br/tag/area-gourmet-moderna/index.html]
[bellevision.com.br/tag/empresa-de-envidracamento-de-sacadas/index.html]
[bellevision.com.br/tag/envidracamento/index.html]
[bellevision.com.br/tag/envidracamento-de-sacadas/index.html]
[bellevision.com.br/tag/envidracar-sacadas/index.html]
[bellevision.com.br/tag/sacada-de-vidro/index.html]
[bellevision.com.br/tag/sacada-fechada-com-vidro/index.html]
[bellevision.com.br/page/6/index.html]
[bellevision.com.br/index9e38.html]
[bellevision.com.br/tag/envidracamento-de-sacada/index.html]
[bellevision.com.br/tag/fechamento-da-sacada/index.html]
[bellevision.com.br/tag/fechar-sacada-com-vidro/index.html]
[bellevision.com.br/tag/fechar-sacadas-com-vidro/index.html]
[bellevision.com.br/tag/vidros-na-sacada/index.html]
[bellevision.com.br/wp-json/wp/v2/posts/449.json]
[bellevision.com.br/envidracamento-sacadas-arcondicionado-possivel/feed/index.html]
[bellevision.com.br/wp-json/oembed/1.0/embed2948.json]
[bellevision.com.br/wp-json/oembed/1.0/embedc85e]
[bellevision.com.br/envidracamento-sacadas-arcondicionado-possivel/index.html]
[bellevision.com.br/indexda6e.html]
[bellevision.com.br/indexc31c.html]
[bellevision.com.br/divisao-de-ambientes/index.html]
[bellevision.com.br/indexc79d.html]
[bellevision.com.br/wp-json/wp/v2/posts/447.json]
[bellevision.com.br/conheca-as-principais-regras-para-o-envidracamento-de-sacadas/feed/index.html]
[bellevision.com.br/wp-json/oembed/1.0/embeded24.json]
[bellevision.com.br/wp-json/oembed/1.0/embed8988]
[bellevision.com.br/conheca-as-principais-regras-para-o-envidracamento-de-sacadas/index.html]
[bellevision.com.br/indexe0b1.html]
[bellevision.com.br/wp-json/wp/v2/posts/442.json]
[bellevision.com.br/importancia-da-manutencao-preventiva-em-envidracamento-de-sacada/feed/index.html]
[bellevision.com.br/wp-json/oembed/1.0/embed8ee4.json]
[bellevision.com.br/wp-json/oembed/1.0/embed6fcc]
[bellevision.com.br/importancia-da-manutencao-preventiva-em-envidracamento-de-sacada/index.html]
[bellevision.com.br/wp-json/wp/v2/posts/444.json]
[bellevision.com.br/envidracamento-de-sacadas-para-sobrados/feed/index.html]
[bellevision.com.br/wp-json/oembed/1.0/embedb46d.json]
[bellevision.com.br/wp-json/oembed/1.0/embedaf8b]
[bellevision.com.br/envidracamento-de-sacadas-para-sobrados/index.html]
[bellevision.com.br/indexdf01.html]
[bellevision.com.br/index6205.html]
[bellevision.com.br/a-belle-vision/index.html]
[bellevision.com.br/tag/como-dividir-ambientes/index.html]
[bellevision.com.br/tag/divisao-de-ambientes/index.html]
[bellevision.com.br/tag/divisao-de-ambientes-com-vidro/index.html]
[bellevision.com.br/tag/divisorias-de-vidro-para-cozinha/index.html]
[bellevision.com.br/tag/divisorias-de-vidro-para-escritorio/index.html]
[bellevision.com.br/tag/divisorias-em-vidro/index.html]
[bellevision.com.br/wp-json/wp/v2/posts/436.json]
[bellevision.com.br/como-proporcionar-bem-estar-em-sua-sacada/feed/index.html]
[bellevision.com.br/wp-json/oembed/1.0/embedfe18.json]
[bellevision.com.br/wp-json/oembed/1.0/embedb876]
[bellevision.com.br/como-proporcionar-bem-estar-em-sua-sacada/index.html]
[bellevision.com.br/index5442.html]
[bellevision.com.br/wp-json/wp/v2/posts/433.json]
[bellevision.com.br/wp-json/oembed/1.0/embed41b4.json]
[bellevision.com.br/vidro-temperado-ou-laminado-para-envidracamento-de-sacadas/feed/index.html]
[bellevision.com.br/wp-json/oembed/1.0/embed9f7d]
[bellevision.com.br/vidro-temperado-ou-laminado-para-envidracamento-de-sacadas/index.html]
[bellevision.com.br/category/envidracamento-de-sacadas/page/1/index.html]
[bellevision.com.br/indexd073.html]
[bellevision.com.br/index321c.html]
[bellevision.com.br/indexcfe8.html]
[bellevision.com.br/wp-json/wp/v2/posts/439.json]
[bellevision.com.br/7-dicas-para-quem-deseja-fazer-envidracamento-de-sacada/feed/index.html]
[bellevision.com.br/wp-json/oembed/1.0/embedb62f.json]
[bellevision.com.br/wp-json/oembed/1.0/embed741f]
[bellevision.com.br/7-dicas-para-quem-deseja-fazer-envidracamento-de-sacada/index.html]
[bellevision.com.br/wp-json/wp/v2/posts/438.json]
[bellevision.com.br/escolha-o-vidro-certo-para-sua-sacada/feed/index.html]
[bellevision.com.br/wp-json/oembed/1.0/embedf875.json]
[bellevision.com.br/wp-json/oembed/1.0/embed3cf0]
[bellevision.com.br/escolha-o-vidro-certo-para-sua-sacada/index.html]
[bellevision.com.br/wp-json/wp/v2/posts/437.json]
[bellevision.com.br/por-que-os-vidros-temperados-quebram-sozinhos/feed/index.html]
[bellevision.com.br/wp-json/oembed/1.0/embed483b.json]
[bellevision.com.br/wp-json/oembed/1.0/embedb2d8]
[bellevision.com.br/por-que-os-vidros-temperados-quebram-sozinhos/index.html]
[bellevision.com.br/indexf7f8.html]
[bellevision.com.br/index0ecd.html]
[bellevision.com.br/category/blog/page/1/index.html]
[bellevision.com.br/category/blog/page/4/index.html]
[bellevision.com.br/indexf705.html]
[bellevision.com.br/indexa260.html]
[bellevision.com.br/index7014.html]
[bellevision.com.br/index1beb.html]
[bellevision.com.br/index778b.html]
[bellevision.com.br/index5f87.html]
[bellevision.com.br/indexb3e1.html]
[bellevision.com.br/indexe982.html]
[bellevision.com.br/indexbdc5.html]
[bellevision.com.br/index6353.html]
[bellevision.com.br/tag/espacos-integrados/index.html]
[bellevision.com.br/tag/sacadas-pequenas/index.html]
[bellevision.com.br/tag/varandas-integradas/index.html]
[bellevision.com.br/index4fd2.html]
[bellevision.com.br/index2d25.html]
[bellevision.com.br/indexb015.html]
[bellevision.com.br/index9982.html]
[bellevision.com.br/index6595.html]
[bellevision.com.br/index9d51.html]
[bellevision.com.br/index20a4.html]
[bellevision.com.br/tag/envidracamento-da-sacada/index.html]
[bellevision.com.br/tag/envidracar-a-sacada/index.html]
[bellevision.com.br/tag/fechamento-de-varanda-com-vidros/index.html]
[bellevision.com.br/tag/sacada-pequena/index.html]
[bellevision.com.br/index9e0f.html]
[bellevision.com.br/indexecc4.html]
[bellevision.com.br/tag/empresa-de-envidracamento-de-sacada/index.html]
[bellevision.com.br/tag/preco-de-envidracamento-de-sacadas/index.html]
[bellevision.com.br/index88c3.html]
[bellevision.com.br/indexedce.html]
[bellevision.com.br/tag/belle-vision/index.html]
[bellevision.com.br/tag/empresa-de-envidrcamentos/index.html]
[bellevision.com.br/tag/servicos-envidracamento-de-sacadas/index.html]
[bellevision.com.br/page/6/index.html]
[bellevision.com.br/indexb47e.html]
[bellevision.com.br/index42fe.html]
[bellevision.com.br/index6c6e.html]
[bellevision.com.br/indexb284.html]
[bellevision.com.br/tag/fechamento-de-varanda/index.html]
[bellevision.com.br/tag/fechamento-de-varanda-com-vidro/index.html]
[bellevision.com.br/tag/preco-envidracamento-de-sacadas/index.html]
[bellevision.com.br/indexc1f6.html]
[bellevision.com.br/blog/vantagens-do-fechamento-de-sacadas/index.html]
[bellevision.com.br/tag/envidracamento-de-sacadas-preco/index.html]
[bellevision.com.br/tag/fechamento-de-sacada/index.html]
[bellevision.com.br/tag/fechamento-de-sacada-com-vidro/index.html]
[bellevision.com.br/tag/sacada-fechada/index.html]
[bellevision.com.br/index1557.html]
[bellevision.com.br/tag/composicao-de-vidro/index.html]
[bellevision.com.br/tag/produtos-de-vidro/index.html]
[bellevision.com.br/tag/tipo-de-vidro/index.html]
[bellevision.com.br/tag/tudo-sobre-vidro/index.html]
[bellevision.com.br/indexfcc0.html]
[bellevision.com.br/index9ed5.html]
[bellevision.com.br/tag/fechamento-de-sacadas/index.html]
[bellevision.com.br/index14c7.html]
[bellevision.com.br/tag/envidracamento-de-ambiente/index.html]
[bellevision.com.br/tag/envidracamento-de-sacada-de-vidro/index.html]
[bellevision.com.br/tag/fechamento-de-sacada-de-vidro/index.html]
